// Vitest Snapshot v1, https://vitest.dev/guide/snapshot.html

exports[`getHalfArrayOfIndex > { arr: [ +0 ] } > -1 1`] = `[]`;

exports[`getHalfArrayOfIndex > { arr: [ +0 ] } > 0 1`] = `[]`;

exports[`getHalfArrayOfIndex > { arr: [ +0 ] } > 1 1`] = `[]`;

exports[`getHalfArrayOfIndex > { arr: [ +0, 1 ] } > -1 1`] = `
[
  0,
]
`;

exports[`getHalfArrayOfIndex > { arr: [ +0, 1 ] } > 0 1`] = `
[
  0,
]
`;

exports[`getHalfArrayOfIndex > { arr: [ +0, 1 ] } > 1 1`] = `
[
  1,
]
`;

exports[`getHalfArrayOfIndex > { arr: [ +0, 1 ] } > 2 1`] = `
[
  1,
]
`;

exports[`getHalfArrayOfIndex > { arr: [ +0, 1, 2 ] } > -1 1`] = `
[
  0,
]
`;

exports[`getHalfArrayOfIndex > { arr: [ +0, 1, 2 ] } > 0 1`] = `
[
  0,
]
`;

exports[`getHalfArrayOfIndex > { arr: [ +0, 1, 2 ] } > 1 1`] = `
[
  1,
]
`;

exports[`getHalfArrayOfIndex > { arr: [ +0, 1, 2 ] } > 2 1`] = `
[
  1,
]
`;

exports[`getHalfArrayOfIndex > { arr: [ +0, 1, 2 ] } > 3 1`] = `
[
  1,
]
`;

exports[`getHalfArrayOfIndex > { arr: [ +0, 1, 2, 3, 4, 5, 6, 7, 8 ] } > -1 1`] = `
[
  0,
  1,
  2,
  3,
]
`;

exports[`getHalfArrayOfIndex > { arr: [ +0, 1, 2, 3, 4, 5, 6, 7, 8 ] } > 0 1`] = `
[
  0,
  1,
  2,
  3,
]
`;

exports[`getHalfArrayOfIndex > { arr: [ +0, 1, 2, 3, 4, 5, 6, 7, 8 ] } > 1 1`] = `
[
  0,
  1,
  2,
  3,
]
`;

exports[`getHalfArrayOfIndex > { arr: [ +0, 1, 2, 3, 4, 5, 6, 7, 8 ] } > 2 1`] = `
[
  0,
  1,
  2,
  3,
]
`;

exports[`getHalfArrayOfIndex > { arr: [ +0, 1, 2, 3, 4, 5, 6, 7, 8 ] } > 3 1`] = `
[
  0,
  1,
  2,
  3,
]
`;

exports[`getHalfArrayOfIndex > { arr: [ +0, 1, 2, 3, 4, 5, 6, 7, 8 ] } > 4 1`] = `
[
  4,
  5,
  6,
  7,
]
`;

exports[`getHalfArrayOfIndex > { arr: [ +0, 1, 2, 3, 4, 5, 6, 7, 8 ] } > 5 1`] = `
[
  4,
  5,
  6,
  7,
]
`;

exports[`getHalfArrayOfIndex > { arr: [ +0, 1, 2, 3, 4, 5, 6, 7, 8 ] } > 6 1`] = `
[
  4,
  5,
  6,
  7,
]
`;

exports[`getHalfArrayOfIndex > { arr: [ +0, 1, 2, 3, 4, 5, 6, 7, 8 ] } > 7 1`] = `
[
  4,
  5,
  6,
  7,
]
`;

exports[`getHalfArrayOfIndex > { arr: [ +0, 1, 2, 3, 4, 5, 6, 7, 8 ] } > 8 1`] = `
[
  4,
  5,
  6,
  7,
]
`;

exports[`getHalfArrayOfIndex > { arr: [ +0, 1, 2, 3, 4, 5, 6, 7, 8 ] } > 9 1`] = `
[
  4,
  5,
  6,
  7,
]
`;

exports[`getHalfArrayOfIndex > { arr: [] } > -1 1`] = `[]`;

exports[`getHalfArrayOfIndex > { arr: [] } > 0 1`] = `[]`;
